// Jest Snapshot v1, https://goo.gl/fbAQLP

exports[`verify 'express' package 1`] = `
Object {
  "ast": Object {
    "dependencies": Object {
      "index.js": Object {
        "./lib/express": Object {
          "inTry": false,
          "location": Object {
            "end": Object {
              "column": 41,
              "line": 11,
            },
            "start": Object {
              "column": 17,
              "line": 11,
            },
          },
          "unsafe": false,
        },
      },
      "lib\\\\application.js": Object {
        "./middleware/init": Object {
          "inTry": false,
          "location": Object {
            "end": Object {
              "column": 45,
              "line": 19,
            },
            "start": Object {
              "column": 17,
              "line": 19,
            },
          },
          "unsafe": false,
        },
        "./middleware/query": Object {
          "inTry": false,
          "location": Object {
            "end": Object {
              "column": 41,
              "line": 20,
            },
            "start": Object {
              "column": 12,
              "line": 20,
            },
          },
          "unsafe": false,
        },
        "./router": Object {
          "inTry": false,
          "location": Object {
            "end": Object {
              "column": 32,
              "line": 17,
            },
            "start": Object {
              "column": 13,
              "line": 17,
            },
          },
          "unsafe": false,
        },
        "./utils": Object {
          "inTry": false,
          "location": Object {
            "end": Object {
              "column": 37,
              "line": 26,
            },
            "start": Object {
              "column": 19,
              "line": 26,
            },
          },
          "unsafe": false,
        },
        "./view": Object {
          "inTry": false,
          "location": Object {
            "end": Object {
              "column": 28,
              "line": 22,
            },
            "start": Object {
              "column": 11,
              "line": 22,
            },
          },
          "unsafe": false,
        },
        "array-flatten": Object {
          "inTry": false,
          "location": Object {
            "end": Object {
              "column": 38,
              "line": 28,
            },
            "start": Object {
              "column": 14,
              "line": 28,
            },
          },
          "unsafe": false,
        },
        "debug": Object {
          "inTry": false,
          "location": Object {
            "end": Object {
              "column": 28,
              "line": 21,
            },
            "start": Object {
              "column": 12,
              "line": 21,
            },
          },
          "unsafe": false,
        },
        "depd": Object {
          "inTry": false,
          "location": Object {
            "end": Object {
              "column": 31,
              "line": 27,
            },
            "start": Object {
              "column": 16,
              "line": 27,
            },
          },
          "unsafe": false,
        },
        "finalhandler": Object {
          "inTry": false,
          "location": Object {
            "end": Object {
              "column": 42,
              "line": 16,
            },
            "start": Object {
              "column": 19,
              "line": 16,
            },
          },
          "unsafe": false,
        },
        "http": Object {
          "inTry": false,
          "location": Object {
            "end": Object {
              "column": 26,
              "line": 23,
            },
            "start": Object {
              "column": 11,
              "line": 23,
            },
          },
          "unsafe": false,
        },
        "methods": Object {
          "inTry": false,
          "location": Object {
            "end": Object {
              "column": 32,
              "line": 18,
            },
            "start": Object {
              "column": 14,
              "line": 18,
            },
          },
          "unsafe": false,
        },
        "path": Object {
          "inTry": false,
          "location": Object {
            "end": Object {
              "column": 29,
              "line": 30,
            },
            "start": Object {
              "column": 14,
              "line": 30,
            },
          },
          "unsafe": false,
        },
        "setprototypeof": Object {
          "inTry": false,
          "location": Object {
            "end": Object {
              "column": 46,
              "line": 31,
            },
            "start": Object {
              "column": 21,
              "line": 31,
            },
          },
          "unsafe": false,
        },
        "utils-merge": Object {
          "inTry": false,
          "location": Object {
            "end": Object {
              "column": 34,
              "line": 29,
            },
            "start": Object {
              "column": 12,
              "line": 29,
            },
          },
          "unsafe": false,
        },
      },
      "lib\\\\express.js": Object {
        "./application": Object {
          "inTry": false,
          "location": Object {
            "end": Object {
              "column": 36,
              "line": 18,
            },
            "start": Object {
              "column": 12,
              "line": 18,
            },
          },
          "unsafe": false,
        },
        "./middleware/query": Object {
          "inTry": false,
          "location": Object {
            "end": Object {
              "column": 45,
              "line": 79,
            },
            "start": Object {
              "column": 16,
              "line": 79,
            },
          },
          "unsafe": false,
        },
        "./request": Object {
          "inTry": false,
          "location": Object {
            "end": Object {
              "column": 30,
              "line": 21,
            },
            "start": Object {
              "column": 10,
              "line": 21,
            },
          },
          "unsafe": false,
        },
        "./response": Object {
          "inTry": false,
          "location": Object {
            "end": Object {
              "column": 31,
              "line": 22,
            },
            "start": Object {
              "column": 10,
              "line": 22,
            },
          },
          "unsafe": false,
        },
        "./router": Object {
          "inTry": false,
          "location": Object {
            "end": Object {
              "column": 32,
              "line": 20,
            },
            "start": Object {
              "column": 13,
              "line": 20,
            },
          },
          "unsafe": false,
        },
        "./router/route": Object {
          "inTry": false,
          "location": Object {
            "end": Object {
              "column": 37,
              "line": 19,
            },
            "start": Object {
              "column": 12,
              "line": 19,
            },
          },
          "unsafe": false,
        },
        "body-parser": Object {
          "inTry": false,
          "location": Object {
            "end": Object {
              "column": 39,
              "line": 15,
            },
            "start": Object {
              "column": 17,
              "line": 15,
            },
          },
          "unsafe": false,
        },
        "events": Object {
          "inTry": false,
          "location": Object {
            "end": Object {
              "column": 36,
              "line": 16,
            },
            "start": Object {
              "column": 19,
              "line": 16,
            },
          },
          "unsafe": false,
        },
        "merge-descriptors": Object {
          "inTry": false,
          "location": Object {
            "end": Object {
              "column": 40,
              "line": 17,
            },
            "start": Object {
              "column": 12,
              "line": 17,
            },
          },
          "unsafe": false,
        },
        "serve-static": Object {
          "inTry": false,
          "location": Object {
            "end": Object {
              "column": 40,
              "line": 81,
            },
            "start": Object {
              "column": 17,
              "line": 81,
            },
          },
          "unsafe": false,
        },
      },
      "lib\\\\middleware\\\\init.js": Object {
        "setprototypeof": Object {
          "inTry": false,
          "location": Object {
            "end": Object {
              "column": 46,
              "line": 16,
            },
            "start": Object {
              "column": 21,
              "line": 16,
            },
          },
          "unsafe": false,
        },
      },
      "lib\\\\middleware\\\\query.js": Object {
        "parseurl": Object {
          "inTry": false,
          "location": Object {
            "end": Object {
              "column": 34,
              "line": 16,
            },
            "start": Object {
              "column": 15,
              "line": 16,
            },
          },
          "unsafe": false,
        },
        "qs": Object {
          "inTry": false,
          "location": Object {
            "end": Object {
              "column": 22,
              "line": 17,
            },
            "start": Object {
              "column": 9,
              "line": 17,
            },
          },
          "unsafe": false,
        },
        "utils-merge": Object {
          "inTry": false,
          "location": Object {
            "end": Object {
              "column": 34,
              "line": 15,
            },
            "start": Object {
              "column": 12,
              "line": 15,
            },
          },
          "unsafe": false,
        },
      },
      "lib\\\\request.js": Object {
        "accepts": Object {
          "inTry": false,
          "location": Object {
            "end": Object {
              "column": 32,
              "line": 16,
            },
            "start": Object {
              "column": 14,
              "line": 16,
            },
          },
          "unsafe": false,
        },
        "depd": Object {
          "inTry": false,
          "location": Object {
            "end": Object {
              "column": 31,
              "line": 17,
            },
            "start": Object {
              "column": 16,
              "line": 17,
            },
          },
          "unsafe": false,
        },
        "fresh": Object {
          "inTry": false,
          "location": Object {
            "end": Object {
              "column": 28,
              "line": 21,
            },
            "start": Object {
              "column": 12,
              "line": 21,
            },
          },
          "unsafe": false,
        },
        "http": Object {
          "inTry": false,
          "location": Object {
            "end": Object {
              "column": 26,
              "line": 20,
            },
            "start": Object {
              "column": 11,
              "line": 20,
            },
          },
          "unsafe": false,
        },
        "net": Object {
          "inTry": false,
          "location": Object {
            "end": Object {
              "column": 25,
              "line": 18,
            },
            "start": Object {
              "column": 11,
              "line": 18,
            },
          },
          "unsafe": false,
        },
        "parseurl": Object {
          "inTry": false,
          "location": Object {
            "end": Object {
              "column": 31,
              "line": 23,
            },
            "start": Object {
              "column": 12,
              "line": 23,
            },
          },
          "unsafe": false,
        },
        "proxy-addr": Object {
          "inTry": false,
          "location": Object {
            "end": Object {
              "column": 37,
              "line": 24,
            },
            "start": Object {
              "column": 16,
              "line": 24,
            },
          },
          "unsafe": false,
        },
        "range-parser": Object {
          "inTry": false,
          "location": Object {
            "end": Object {
              "column": 40,
              "line": 22,
            },
            "start": Object {
              "column": 17,
              "line": 22,
            },
          },
          "unsafe": false,
        },
        "type-is": Object {
          "inTry": false,
          "location": Object {
            "end": Object {
              "column": 31,
              "line": 19,
            },
            "start": Object {
              "column": 13,
              "line": 19,
            },
          },
          "unsafe": false,
        },
      },
      "lib\\\\response.js": Object {
        "./utils": Object {
          "inTry": false,
          "location": Object {
            "end": Object {
              "column": 35,
              "line": 29,
            },
            "start": Object {
              "column": 17,
              "line": 29,
            },
          },
          "unsafe": false,
        },
        "content-disposition": Object {
          "inTry": false,
          "location": Object {
            "end": Object {
              "column": 55,
              "line": 16,
            },
            "start": Object {
              "column": 25,
              "line": 16,
            },
          },
          "unsafe": false,
        },
        "cookie": Object {
          "inTry": false,
          "location": Object {
            "end": Object {
              "column": 30,
              "line": 30,
            },
            "start": Object {
              "column": 13,
              "line": 30,
            },
          },
          "unsafe": false,
        },
        "cookie-signature": Object {
          "inTry": false,
          "location": Object {
            "end": Object {
              "column": 38,
              "line": 26,
            },
            "start": Object {
              "column": 11,
              "line": 26,
            },
          },
          "unsafe": false,
        },
        "depd": Object {
          "inTry": false,
          "location": Object {
            "end": Object {
              "column": 31,
              "line": 17,
            },
            "start": Object {
              "column": 16,
              "line": 17,
            },
          },
          "unsafe": false,
        },
        "encodeurl": Object {
          "inTry": false,
          "location": Object {
            "end": Object {
              "column": 36,
              "line": 18,
            },
            "start": Object {
              "column": 16,
              "line": 18,
            },
          },
          "unsafe": false,
        },
        "escape-html": Object {
          "inTry": false,
          "location": Object {
            "end": Object {
              "column": 39,
              "line": 19,
            },
            "start": Object {
              "column": 17,
              "line": 19,
            },
          },
          "unsafe": false,
        },
        "http": Object {
          "inTry": false,
          "location": Object {
            "end": Object {
              "column": 26,
              "line": 20,
            },
            "start": Object {
              "column": 11,
              "line": 20,
            },
          },
          "unsafe": false,
        },
        "on-finished": Object {
          "inTry": false,
          "location": Object {
            "end": Object {
              "column": 39,
              "line": 22,
            },
            "start": Object {
              "column": 17,
              "line": 22,
            },
          },
          "unsafe": false,
        },
        "path": Object {
          "inTry": false,
          "location": Object {
            "end": Object {
              "column": 26,
              "line": 23,
            },
            "start": Object {
              "column": 11,
              "line": 23,
            },
          },
          "unsafe": false,
        },
        "safe-buffer": Object {
          "inTry": false,
          "location": Object {
            "end": Object {
              "column": 35,
              "line": 15,
            },
            "start": Object {
              "column": 13,
              "line": 15,
            },
          },
          "unsafe": false,
        },
        "send": Object {
          "inTry": false,
          "location": Object {
            "end": Object {
              "column": 26,
              "line": 31,
            },
            "start": Object {
              "column": 11,
              "line": 31,
            },
          },
          "unsafe": false,
        },
        "statuses": Object {
          "inTry": false,
          "location": Object {
            "end": Object {
              "column": 34,
              "line": 24,
            },
            "start": Object {
              "column": 15,
              "line": 24,
            },
          },
          "unsafe": false,
        },
        "utils-merge": Object {
          "inTry": false,
          "location": Object {
            "end": Object {
              "column": 34,
              "line": 25,
            },
            "start": Object {
              "column": 12,
              "line": 25,
            },
          },
          "unsafe": false,
        },
        "vary": Object {
          "inTry": false,
          "location": Object {
            "end": Object {
              "column": 26,
              "line": 35,
            },
            "start": Object {
              "column": 11,
              "line": 35,
            },
          },
          "unsafe": false,
        },
      },
      "lib\\\\router\\\\index.js": Object {
        "./layer": Object {
          "inTry": false,
          "location": Object {
            "end": Object {
              "column": 30,
              "line": 17,
            },
            "start": Object {
              "column": 12,
              "line": 17,
            },
          },
          "unsafe": false,
        },
        "./route": Object {
          "inTry": false,
          "location": Object {
            "end": Object {
              "column": 30,
              "line": 16,
            },
            "start": Object {
              "column": 12,
              "line": 16,
            },
          },
          "unsafe": false,
        },
        "array-flatten": Object {
          "inTry": false,
          "location": Object {
            "end": Object {
              "column": 38,
              "line": 22,
            },
            "start": Object {
              "column": 14,
              "line": 22,
            },
          },
          "unsafe": false,
        },
        "debug": Object {
          "inTry": false,
          "location": Object {
            "end": Object {
              "column": 28,
              "line": 20,
            },
            "start": Object {
              "column": 12,
              "line": 20,
            },
          },
          "unsafe": false,
        },
        "depd": Object {
          "inTry": false,
          "location": Object {
            "end": Object {
              "column": 31,
              "line": 21,
            },
            "start": Object {
              "column": 16,
              "line": 21,
            },
          },
          "unsafe": false,
        },
        "methods": Object {
          "inTry": false,
          "location": Object {
            "end": Object {
              "column": 32,
              "line": 18,
            },
            "start": Object {
              "column": 14,
              "line": 18,
            },
          },
          "unsafe": false,
        },
        "parseurl": Object {
          "inTry": false,
          "location": Object {
            "end": Object {
              "column": 34,
              "line": 23,
            },
            "start": Object {
              "column": 15,
              "line": 23,
            },
          },
          "unsafe": false,
        },
        "setprototypeof": Object {
          "inTry": false,
          "location": Object {
            "end": Object {
              "column": 46,
              "line": 24,
            },
            "start": Object {
              "column": 21,
              "line": 24,
            },
          },
          "unsafe": false,
        },
        "utils-merge": Object {
          "inTry": false,
          "location": Object {
            "end": Object {
              "column": 34,
              "line": 19,
            },
            "start": Object {
              "column": 12,
              "line": 19,
            },
          },
          "unsafe": false,
        },
      },
      "lib\\\\router\\\\layer.js": Object {
        "debug": Object {
          "inTry": false,
          "location": Object {
            "end": Object {
              "column": 28,
              "line": 17,
            },
            "start": Object {
              "column": 12,
              "line": 17,
            },
          },
          "unsafe": false,
        },
        "path-to-regexp": Object {
          "inTry": false,
          "location": Object {
            "end": Object {
              "column": 42,
              "line": 16,
            },
            "start": Object {
              "column": 17,
              "line": 16,
            },
          },
          "unsafe": false,
        },
      },
      "lib\\\\router\\\\route.js": Object {
        "./layer": Object {
          "inTry": false,
          "location": Object {
            "end": Object {
              "column": 30,
              "line": 18,
            },
            "start": Object {
              "column": 12,
              "line": 18,
            },
          },
          "unsafe": false,
        },
        "array-flatten": Object {
          "inTry": false,
          "location": Object {
            "end": Object {
              "column": 38,
              "line": 17,
            },
            "start": Object {
              "column": 14,
              "line": 17,
            },
          },
          "unsafe": false,
        },
        "debug": Object {
          "inTry": false,
          "location": Object {
            "end": Object {
              "column": 28,
              "line": 16,
            },
            "start": Object {
              "column": 12,
              "line": 16,
            },
          },
          "unsafe": false,
        },
        "methods": Object {
          "inTry": false,
          "location": Object {
            "end": Object {
              "column": 32,
              "line": 19,
            },
            "start": Object {
              "column": 14,
              "line": 19,
            },
          },
          "unsafe": false,
        },
      },
      "lib\\\\utils.js": Object {
        "array-flatten": Object {
          "inTry": false,
          "location": Object {
            "end": Object {
              "column": 38,
              "line": 19,
            },
            "start": Object {
              "column": 14,
              "line": 19,
            },
          },
          "unsafe": false,
        },
        "content-disposition": Object {
          "inTry": false,
          "location": Object {
            "end": Object {
              "column": 55,
              "line": 16,
            },
            "start": Object {
              "column": 25,
              "line": 16,
            },
          },
          "unsafe": false,
        },
        "content-type": Object {
          "inTry": false,
          "location": Object {
            "end": Object {
              "column": 41,
              "line": 17,
            },
            "start": Object {
              "column": 18,
              "line": 17,
            },
          },
          "unsafe": false,
        },
        "depd": Object {
          "inTry": false,
          "location": Object {
            "end": Object {
              "column": 31,
              "line": 18,
            },
            "start": Object {
              "column": 16,
              "line": 18,
            },
          },
          "unsafe": false,
        },
        "etag": Object {
          "inTry": false,
          "location": Object {
            "end": Object {
              "column": 26,
              "line": 21,
            },
            "start": Object {
              "column": 11,
              "line": 21,
            },
          },
          "unsafe": false,
        },
        "proxy-addr": Object {
          "inTry": false,
          "location": Object {
            "end": Object {
              "column": 37,
              "line": 22,
            },
            "start": Object {
              "column": 16,
              "line": 22,
            },
          },
          "unsafe": false,
        },
        "qs": Object {
          "inTry": false,
          "location": Object {
            "end": Object {
              "column": 22,
              "line": 23,
            },
            "start": Object {
              "column": 9,
              "line": 23,
            },
          },
          "unsafe": false,
        },
        "querystring": Object {
          "inTry": false,
          "location": Object {
            "end": Object {
              "column": 40,
              "line": 24,
            },
            "start": Object {
              "column": 18,
              "line": 24,
            },
          },
          "unsafe": false,
        },
        "safe-buffer": Object {
          "inTry": false,
          "location": Object {
            "end": Object {
              "column": 35,
              "line": 15,
            },
            "start": Object {
              "column": 13,
              "line": 15,
            },
          },
          "unsafe": false,
        },
        "send": Object {
          "inTry": false,
          "location": Object {
            "end": Object {
              "column": 26,
              "line": 20,
            },
            "start": Object {
              "column": 11,
              "line": 20,
            },
          },
          "unsafe": false,
        },
      },
      "lib\\\\view.js": Object {
        "debug": Object {
          "inTry": false,
          "location": Object {
            "end": Object {
              "column": 28,
              "line": 16,
            },
            "start": Object {
              "column": 12,
              "line": 16,
            },
          },
          "unsafe": false,
        },
        "fs": Object {
          "inTry": false,
          "location": Object {
            "end": Object {
              "column": 22,
              "line": 18,
            },
            "start": Object {
              "column": 9,
              "line": 18,
            },
          },
          "unsafe": false,
        },
        "path": Object {
          "inTry": false,
          "location": Object {
            "end": Object {
              "column": 26,
              "line": 17,
            },
            "start": Object {
              "column": 11,
              "line": 17,
            },
          },
          "unsafe": false,
        },
      },
    },
    "warnings": Array [
      Object {
        "file": "lib\\\\view.js",
        "kind": "unsafe-import",
        "location": Array [
          Array [
            81,
            13,
          ],
          Array [
            81,
            25,
          ],
        ],
      },
    ],
  },
  "directorySize": 208134,
  "files": Object {
    "extensions": Array [
      ".md",
      ".js",
      ".json",
    ],
    "list": Array [
      "History.md",
      "LICENSE",
      "Readme.md",
      "index.js",
      "lib\\\\application.js",
      "lib\\\\express.js",
      "lib\\\\middleware\\\\init.js",
      "lib\\\\middleware\\\\query.js",
      "lib\\\\request.js",
      "lib\\\\response.js",
      "lib\\\\router\\\\index.js",
      "lib\\\\router\\\\layer.js",
      "lib\\\\router\\\\route.js",
      "lib\\\\utils.js",
      "lib\\\\view.js",
      "package.json",
    ],
    "minified": Array [],
  },
  "licenses": Array [
    Object {
      "from": "package.json",
      "spdx": Object {
        "fsf": true,
        "fsfAndOsi": true,
        "includesDeprecated": false,
        "osi": true,
      },
      "spdxLicenseLinks": Array [
        "https://spdx.org/licenses/MIT.html#licenseText",
      ],
      "uniqueLicenseIds": Array [
        "MIT",
      ],
    },
    Object {
      "from": "LICENSE",
      "spdx": Object {
        "fsf": true,
        "fsfAndOsi": true,
        "includesDeprecated": false,
        "osi": true,
      },
      "spdxLicenseLinks": Array [
        "https://spdx.org/licenses/MIT.html#licenseText",
      ],
      "uniqueLicenseIds": Array [
        "MIT",
      ],
    },
  ],
  "uniqueLicenseIds": Array [
    "MIT",
  ],
}
`;
